// Jest Snapshot v1, https://goo.gl/fbAQLP

exports[`prueba en PrimeraApp Debe de mostrar <PrimeraApp></PrimeraApp> correctamente 1`] = `
<Fragment>
  <h1>
     
    hola, soy daniel
     !
  </h1>
  <p>
    Componentes y propiedades en React
  </p>
</Fragment>
`;
